[0.006s] Invoking command in '/home/luke/git/CDPRX/cable_robot_ws/src/cable_robot_description/build/cable_robot_description': /usr/bin/cmake --build /home/luke/git/CDPRX/cable_robot_ws/src/cable_robot_description/build/cable_robot_description -- -j24 -l24
[0.022s] -- Found ament_cmake: 1.3.11 (/opt/ros/humble/share/ament_cmake/cmake)
[0.130s] Error parsing '/home/luke/git/CDPRX/cable_robot_ws/src/cable_robot_description/package.xml':
[0.153s] Traceback (most recent call last):
[0.153s]   File "/usr/lib/python3/dist-packages/catkin_pkg/package.py", line 610, in parse_package_string
[0.153s]     root = dom.parseString(data)
[0.153s]   File "/usr/lib/python3.10/xml/dom/minidom.py", line 2000, in parseString
[0.153s]     return expatbuilder.parseString(string)
[0.154s]   File "/usr/lib/python3.10/xml/dom/expatbuilder.py", line 925, in parseString
[0.154s]     return builder.parseString(string)
[0.154s]   File "/usr/lib/python3.10/xml/dom/expatbuilder.py", line 223, in parseString
[0.154s]     parser.Parse(string, True)
[0.154s] xml.parsers.expat.ExpatError: mismatched tag: line 20, column 4
[0.154s] 
[0.154s] During handling of the above exception, another exception occurred:
[0.154s] 
[0.154s] Traceback (most recent call last):
[0.154s]   File "/opt/ros/humble/share/ament_cmake_core/cmake/core/package_xml_2_cmake.py", line 150, in <module>
[0.154s]     main()
[0.154s]   File "/opt/ros/humble/share/ament_cmake_core/cmake/core/package_xml_2_cmake.py", line 53, in main
[0.154s]     raise e
[0.154s]   File "/opt/ros/humble/share/ament_cmake_core/cmake/core/package_xml_2_cmake.py", line 49, in main
[0.154s]     package = parse_package_string(
[0.154s]   File "/usr/lib/python3/dist-packages/catkin_pkg/package.py", line 612, in parse_package_string
[0.154s]     raise InvalidPackage('The manifest contains invalid XML:\n%s' % ex, filename)
[0.154s] catkin_pkg.package.InvalidPackage: Error(s) in package '/home/luke/git/CDPRX/cable_robot_ws/src/cable_robot_description/package.xml':
[0.154s] The manifest contains invalid XML:
[0.154s] mismatched tag: line 20, column 4
[0.163s] [31mCMake Error at /opt/ros/humble/share/ament_cmake_core/cmake/core/ament_package_xml.cmake:95 (message):
[0.163s]   execute_process(/usr/bin/python3
[0.163s]   /opt/ros/humble/share/ament_cmake_core/cmake/core/package_xml_2_cmake.py
[0.164s]   /home/luke/git/CDPRX/cable_robot_ws/src/cable_robot_description/package.xml
[0.164s]   /home/luke/git/CDPRX/cable_robot_ws/src/cable_robot_description/build/cable_robot_description/ament_cmake_core/package.cmake)
[0.164s]   returned error code 1
[0.164s] Call Stack (most recent call first):
[0.164s]   /opt/ros/humble/share/ament_cmake_core/cmake/core/ament_package_xml.cmake:49 (_ament_package_xml)
[0.164s]   /opt/ros/humble/share/ament_cmake_core/cmake/core/ament_package.cmake:63 (ament_package_xml)
[0.164s]   CMakeLists.txt:15 (ament_package)
[0.164s] 
[0.164s] [0m
[0.164s] -- Configuring incomplete, errors occurred!
[0.164s] See also "/home/luke/git/CDPRX/cable_robot_ws/src/cable_robot_description/build/cable_robot_description/CMakeFiles/CMakeOutput.log".
[0.165s] gmake: *** [Makefile:226: cmake_check_build_system] Error 1
[0.167s] Invoked command in '/home/luke/git/CDPRX/cable_robot_ws/src/cable_robot_description/build/cable_robot_description' returned '2': /usr/bin/cmake --build /home/luke/git/CDPRX/cable_robot_ws/src/cable_robot_description/build/cable_robot_description -- -j24 -l24
